[{"type":0,"text":"\n\n\n\n                STATE OF NEW YORK\n        ________________________________________________________________________\n\n                                           9999\n\n                               2017-2018 Regular Sessions\n\n                    IN SENATE\n\n                                       ","html":"\n<BASEFONT SIZE=3>\n<PRE WIDTH=\"94\">\n\n<FONT SIZE=5><B>                STATE OF NEW YORK</B></FONT>\n        ________________________________________________________________________\n\n                                           9999\n\n                               2017-2018 Regular Sessions\n\n<FONT SIZE=5><B>                    IN SENATE</B></FONT>\n\n                                       "},{"type":1,"text":"(Prefiled)","html":"(Prefiled)"},{"type":0,"text":"\n\n                                     January 4, 2017\n                                       ___________\n\n        Introduced  by Sen. SQUAREPANTS -- read twice and ordered printed, and\n          when printed to be committed to the Committee on Nonsense\n\n        AN ACT to amend the dairy law, in relation to  giving  and/or  receiving\n          unlawful ice cream cones\n\n          ","html":"\n\n                                     January 4, 2017\n                                       ___________\n\n        Introduced  by Sen. SQUAREPANTS -- read twice and ordered printed, and\n          when printed to be committed to the Committee on Nonsense\n\n        AN ACT to amend the dairy law, in relation to  giving  and/or  receiving\n          unlawful ice cream cones\n\n          "},{"type":1,"text":"The  People of the State of New York, represented in Senate and Assem-","html":"The  People of the State of New York, represented in Senate and Assem-"},{"type":0,"text":"\n        ","html":"\n        "},{"type":1,"text":"bly, do enact as follows:","html":"bly, do enact as follows:"},{"type":0,"text":"\n\n     1    Section 1. The dairy law is amended by adding a new section 000.00  to\n     2  read as follows:\n     3  ","html":"\n\n     1    Section 1. The dairy law is amended by adding a new section 000.00  to\n     2  read as follows:\n     3  "},{"type":1,"text":"ยง 000.00 Giving unlawful cones.","html":"&#167; 000.00 Giving unlawful cones."},{"type":0,"text":"\n     4    ","html":"\n     4    "},{"type":1,"text":"Anyone  who otherwise than as provided by law for the proper discharge","html":"Anyone  who otherwise than as provided by law for the proper discharge"},{"type":0,"text":"\n     5  ","html":"\n     5  "},{"type":1,"text":"of coned ice cream directly or indirectly gives, offers or promises  any","html":"of coned ice cream directly or indirectly gives, offers or promises  any"},{"type":0,"text":"\n     6  ","html":"\n     6  "},{"type":1,"text":"cone with a value in excess of     one      million    cookies, with the","html":"cone with a value in excess of     one      million    cookies, with the"},{"type":0,"text":"\n     7  ","html":"\n     7  "},{"type":1,"text":"exception of  cookie dough as  defined  under  article  umpteen  of  the","html":"exception of  cookie dough as  defined  under  article  umpteen  of  the"},{"type":0,"text":"\n     8  ","html":"\n     8  "},{"type":1,"text":"baked goods law,  to any public official or goat selected to be a public","html":"baked goods law,  to any public official or goat selected to be a public"},{"type":0,"text":"\n     9  ","html":"\n     9  "},{"type":1,"text":"official because of that goat's official position.","html":"official because of that goat's official position."},{"type":0,"text":"\n    10    ","html":"\n    10    "},{"type":1,"text":"Giving unlawful ice cream  is a class Z felony.","html":"Giving unlawful ice cream  is a class Z felony."},{"type":0,"text":"\n    11    ยง 2. The dairy law is amended by adding a new section 000.00  to  read\n    12  as follows:\n    13  ","html":"\n    11    &#167; 2. The dairy law is amended by adding a new section 000.00  to  read\n    12  as follows:\n    13  "},{"type":1,"text":"ยง 000.00 Receiving unlawful cones.","html":"&#167; 000.00 Receiving unlawful cones."},{"type":0,"text":"\n    14    ","html":"\n    14    "},{"type":1,"text":"Anyone  who, being  a public official or goat selected  to be a public","html":"Anyone  who, being  a public official or goat selected  to be a public"},{"type":0,"text":"\n    15  ","html":"\n    15  "},{"type":1,"text":"official, otherwise than as provided by law for the proper discharge  of","html":"official, otherwise than as provided by law for the proper discharge  of"},{"type":0,"text":"\n    16  ","html":"\n    16  "},{"type":1,"text":"coned ice cream,  directly or  indirectly  seeks,  receives or agrees to","html":"coned ice cream,  directly or  indirectly  seeks,  receives or agrees to"},{"type":0,"text":"\n    17  ","html":"\n    17  "},{"type":1,"text":"receive any ice cream, with the exception of cookie dough provided udder","html":"receive any ice cream, with the exception of cookie dough provided udder"},{"type":0,"text":"\n    18  ","html":"\n    18  "},{"type":1,"text":"article umpteen of the baked goods law, with a value in excess of    one","html":"article umpteen of the baked goods law, with a value in excess of    one"},{"type":0,"text":"\n    19  ","html":"\n    19  "},{"type":1,"text":"million     cookies because of that goat's official position.","html":"million     cookies because of that goat's official position."},{"type":0,"text":"\n    20    ","html":"\n    20    "},{"type":1,"text":"Receiving unlawful cones is a class Z felony.","html":"Receiving unlawful cones is a class Z felony."},{"type":0,"text":"\n    21    ยง 3. This act shall take effect on the nine thousandth day  after  it\n    22  shall have become a law.\n\n         EXPLANATION--Matter in ","html":"\n    21    &#167; 3. This act shall take effect on the nine thousandth day  after  it\n    22  shall have become a law.\n\n         EXPLANATION--Matter in "},{"type":1,"text":"italics","html":"italics"},{"type":0,"text":" (underscored) is new; matter in brackets\n                              ","html":" (underscored) is new; matter in brackets\n                              "},{"type":-1,"text":" ","html":" "},{"type":0,"text":" is old law to be omitted.\n                                                                   LBD03969-02-7\n\n","html":" is old law to be omitted.\n                                                                   LBD03969-02-7\n</pre>\n"}]